<?xml version="1.0" encoding="UTF-8"?>
<DMM>
    <performance_2000_RAND.txt>
        <PrimaBinTreeDGPP>0.809757</PrimaBinTreeDGPP>
        <PrimaSampleDGPP>0.601321</PrimaSampleDGPP>
    </performance_2000_RAND.txt>
    <performance_4000_RAND.txt>
        <PrimaBinTreeDGPP>4.78625</PrimaBinTreeDGPP>
        <PrimaSampleDGPP>4.41784</PrimaSampleDGPP>
    </performance_4000_RAND.txt>
    <performance_8000_RAND.txt>
        <PrimaBinTreeDGPP>36.7826</PrimaBinTreeDGPP>
        <PrimaSampleDGPP>46.4738</PrimaSampleDGPP>
    </performance_8000_RAND.txt>
</DMM>
